// Jest Snapshot v1, https://goo.gl/fbAQLP

exports[`should match the snapshot 1`] = `
<Fragment>
  <h1>
    Allo
  </h1>
  <ul>
    <li
      key="0"
    >
      test
    </li>
    <li
      key="1"
    >
      test
    </li>
    <li
      key="2"
    >
      test
    </li>
  </ul>
</Fragment>
`;
